// Vitest Snapshot v1, https://vitest.dev/guide/snapshot.html

exports[`PWAGatherer > gatherData 1`] = `
{
  "InstallabilityErrors": "getInstallabilityErrorsResult",
  "LinkElements": "barfoo",
  "MetaElements": {
    "some": "result",
  },
  "ServiceWorker": {
    "registrations": 42,
    "versions": "1.2.1",
  },
  "URL": {
    "finalUrl": "http://json.org",
    "requestedUrl": "http://json.org",
  },
  "ViewportDimensions": "foobar",
  "WebAppManifest": "getWebAppManifestResult",
}
`;

exports[`PWAGatherer > initiates properly 1`] = `
[
  "Network.requestWillBeSent",
  "Network.requestServedFromCache",
  "Network.responseReceived",
  "Network.dataReceived",
  "Network.loadingFinished",
  "Network.loadingFailed",
  "Network.resourceChangedPriority",
]
`;
