// Vitest Snapshot v1, https://vitest.dev/guide/snapshot.html

exports[`getLighthouseDriver > should create a new session 1`] = `
[
  [
    "Target.attachToTarget",
    undefined,
    {
      "flatten": true,
      "targetId": "foobar321",
    },
  ],
  [
    "foobar",
    "session 321",
  ],
]
`;
