// Jest Snapshot v1, https://goo.gl/fbAQLP

exports[`formatMessage should do nothing if no error or params are given 1`] = `
Object {
  "type": "foobar",
}
`;

exports[`formatMessage should format an error message 1`] = `
Object {
  "error": Object {
    "actual": undefined,
    "expected": undefined,
    "message": "uups",
    "name": "Error",
    "type": "Error",
  },
  "type": "foobar",
}
`;

exports[`formatMessage should format an error message with timeout error 1`] = `
Object {
  "duration": undefined,
  "error": Object {
    "actual": undefined,
    "expected": undefined,
    "message": "The execution in the test \\"parentfoo barfoo\\" took too long. Try to reduce the run time or increase your timeout for test specs (https://webdriver.io/docs/timeouts.html).",
    "name": "Error",
    "type": "Error",
  },
  "file": undefined,
  "fullTitle": "parentfoo barfoo",
  "parent": "parentfoo",
  "pending": false,
  "title": "barfoo",
  "type": "foobar",
}
`;

exports[`formatMessage should format payload 1`] = `
Object {
  "context": "some context",
  "currentTest": "current test",
  "duration": undefined,
  "file": "/foo/bar.test.js",
  "fullTitle": "parentfoo barfoo",
  "parent": "parentfoo",
  "pending": false,
  "title": "barfoo",
  "type": "foobar",
}
`;
