// Vitest Snapshot v1, https://vitest.dev/guide/snapshot.html

exports[`doubleClick > should do a doubleClick 1`] = `
[
  {
    "button": 0,
    "duration": 100,
    "origin": {
      "element-6066-11e4-a52e-4f735466cecf": "some-elem-123",
    },
    "type": "pointerMove",
    "x": 0,
    "y": 0,
  },
  {
    "button": 0,
    "type": "pointerDown",
  },
  {
    "button": 0,
    "type": "pointerUp",
  },
  {
    "duration": 10,
    "type": "pause",
  },
  {
    "button": 0,
    "type": "pointerDown",
  },
  {
    "button": 0,
    "type": "pointerUp",
  },
]
`;
