// Vitest Snapshot v1, https://vitest.dev/guide/snapshot.html

exports[`waitForDisplayed > should call waitUntil 1`] = `
[
  [
    [Function],
    {
      "interval": 5,
      "timeout": 1000,
      "timeoutMsg": "element ("#foo") still not displayed after 1000ms",
    },
  ],
]
`;

exports[`waitForDisplayed > should do reverse 1`] = `
[
  [
    [Function],
    {
      "interval": 50,
      "timeout": 500,
      "timeoutMsg": "element ("#foo") still displayed after 500ms",
    },
  ],
]
`;
