// Vitest Snapshot v1, https://vitest.dev/guide/snapshot.html

exports[`waitForEnabled > should call waitUntil 1`] = `
[
  [
    [Function],
    {
      "interval": 5,
      "timeout": 1000,
      "timeoutMsg": "element ("#foo") still not enabled after 1000ms",
    },
  ],
]
`;

exports[`waitForEnabled > should do reverse 1`] = `
[
  [
    [Function],
    {
      "interval": 50,
      "timeout": 500,
      "timeoutMsg": "element ("#foo") still enabled after 500ms",
    },
  ],
]
`;
