// Jest Snapshot v1, https://goo.gl/fbAQLP

exports[`CucumberAdapter wrapStep 1`] = `
Array [
  Array [
    "Step",
    Object {
      "specFn": "code",
      "specFnArgs": Array [
        "someWorld",
        1,
        2,
        3,
      ],
    },
    Object {
      "beforeFn": undefined,
      "beforeFnArgs": [Function],
    },
    Object {
      "afterFn": undefined,
      "afterFnArgs": [Function],
    },
    "0-2",
    0,
  ],
]
`;
