// Jest Snapshot v1, https://goo.gl/fbAQLP

exports[`utils createStepArgument Works with DataTable 1`] = `
Object {
  "rows": Array [
    Object {
      "cells": Array [
        1,
        2,
      ],
      "locations": Array [
        Object {
          "column": 11,
          "line": 21,
        },
        Object {
          "column": 11,
          "line": 21,
        },
      ],
    },
    Object {
      "cells": Array [
        3,
        4,
      ],
      "locations": Array [
        Object {
          "column": 11,
          "line": 21,
        },
        Object {
          "column": 11,
          "line": 21,
        },
      ],
    },
    Object {
      "cells": Array [
        5,
        6,
      ],
      "locations": Array [
        Object {
          "column": 11,
          "line": 21,
        },
        Object {
          "column": 11,
          "line": 21,
        },
      ],
    },
  ],
}
`;

exports[`utils formatMessage should set passed state for test hooks 1`] = `
Object {
  "state": "passed",
}
`;
