// Vitest Snapshot v1, https://vitest.dev/guide/snapshot.html

exports[`should slowdown the CPU by a factor of 2 1`] = `
[
  [
    "Emulation.setCPUThrottlingRate",
    {
      "rate": 2,
    },
  ],
]
`;
