// Jest Snapshot v1, https://goo.gl/fbAQLP

exports[`attachSession 1`] = `
Object {
  "browserName": "Chrome",
  "browserVersion": "80.0.3987.149",
  "goog:chromeOptions": Object {
    "debuggerAddress": "localhost:49375",
  },
}
`;

exports[`attachSession 2`] = `
Object {
  "browserName": "chrome",
}
`;

exports[`newSession 1`] = `
Object {
  "browserName": "Chrome",
  "browserVersion": "80.0.3987.149",
  "goog:chromeOptions": Object {
    "debuggerAddress": "localhost:49375",
  },
}
`;

exports[`newSession 2`] = `
Object {
  "browserName": "chrome",
}
`;
