// Vitest Snapshot v1, https://vitest.dev/guide/snapshot.html

exports[`selector strategies helper > should be able to fetch element by aria label 1`] = `".//*[@aria-labelledby=(//*[normalize-space(text()) = "foobar"]/@id)] | .//*[@aria-describedby=(//*[normalize-space(text()) = "foobar"]/@id)] | .//*[@aria-label = "foobar"] | .//input[@id = (//label[normalize-space() = "foobar"]/@for)] | .//textarea[@id = (//label[normalize-space() = "foobar"]/@for)] | .//input[ancestor::label[normalize-space(text()) = "foobar"]] | .//textarea[ancestor::label[normalize-space(text()) = "foobar"]] | .//input[@placeholder="foobar"] | .//textarea[@placeholder="foobar"] | .//input[@aria-placeholder="foobar"] | .//textarea[@aria-placeholder="foobar"] | .//*[not(self::label)][@title="foobar"] | .//img[@alt="foobar"] | .//*[not(self::label)][normalize-space(text()) = "foobar"]"`;
