// Jest Snapshot v1, https://goo.gl/fbAQLP

exports[`WebdriverIO module interface attach attaches 1`] = `
Object {
  "capabilities": Object {
    "browserName": "chrome",
    "platformName": "MacOS",
  },
  "options": Object {},
  "requestedCapabilities": Object {
    "browserName": "chrome",
  },
  "sessionId": "foobar",
}
`;
